palette12: File Uploaded!
palette13: File Uploaded!
p11 head40-current {'sx': 20, 'ix': 50, 'c1': 210, 'c2': 128, 'c3': 16, 'pal': 190, 'bri': 255}: pwr 321/758 lit 20.0/49.5 sat 1.00/0.97 fast 0.34/0.36
   hue% ref [100, 0, 0, 0, 0, 0, 0, 0, 0, 0, 0, 0]
   hue% tgt [100, 0, 0, 0, 0, 0, 0, 0, 0, 0, 0, 0]
   hueV ref [62, None, None, None, None, None, None, None, None, None, None, None]
   hueV tgt [121, None, None, None, None, None, None, None, None, None, None, None]
p11 full-stockpos {'sx': 210, 'ix': 50, 'c1': 40, 'c2': 20, 'c3': 16, 'pal': 187, 'bri': 255}: pwr 328/561 lit 20.0/18.9 sat 1.00/0.91 fast 0.34/0.31
   hue% ref [100, 0, 0, 0, 0, 0, 0, 0, 0, 0, 0, 0]
   hue% tgt [38, 0, 0, 0, 0, 0, 0, 0, 30, 10, 17, 4]
   hueV ref [62, None, None, None, None, None, None, None, None, None, None, None]
   hueV tgt [159, None, None, None, None, None, None, None, 142, 127, 137, 170]
p11 head40-stockpos {'sx': 210, 'ix': 50, 'c1': 40, 'c2': 20, 'c3': 16, 'pal': 190, 'bri': 255}: pwr 325/514 lit 20.4/19.2 sat 0.99/0.93 fast 0.35/0.31
   hue% ref [100, 0, 0, 0, 0, 0, 0, 0, 0, 0, 0, 0]
   hue% tgt [100, 0, 0, 0, 0, 0, 0, 0, 0, 0, 0, 0]
   hueV ref [61, None, None, None, None, None, None, None, None, None, None, None]
   hueV tgt [148, None, None, None, None, None, None, None, None, None, None, None]
p10 head220-current {'sx': 92, 'ix': 168, 'c1': 136, 'c2': 128, 'c3': 16, 'pal': 191, 'bri': 255}: pwr 448/671 lit 36.6/33.7 sat 0.96/0.91 fast 0.41/0.33
   hue% ref [26, 12, 5, 12, 18, 6, 1, 3, 13, 1, 1, 2]
   hue% tgt [10, 5, 5, 34, 20, 13, 3, 8, 4, 0, 0, 0]
   hueV ref [57, 68, 54, 86, 45, 77, 56, 80, 68, 52, 50, 71]
   hueV tgt [174, 116, 114, 142, 102, 108, 126, 139, 112, 69, 107, 159]
p10 full-stockpos {'sx': 136, 'ix': 168, 'c1': 220, 'c2': 92, 'c3': 16, 'pal': 188, 'bri': 255}: pwr 434/707 lit 37.1/31.2 sat 0.96/0.88 fast 0.41/0.31
   hue% ref [27, 11, 4, 11, 19, 6, 1, 4, 12, 1, 1, 2]
   hue% tgt [14, 13, 6, 22, 15, 10, 4, 10, 4, 0, 0, 2]
   hueV ref [57, 68, 52, 89, 44, 75, 50, 87, 67, 49, 47, 70]
   hueV tgt [151, 117, 113, 140, 103, 105, 105, 120, 112, 118, 125, 209]
p10 full-current {'sx': 92, 'ix': 168, 'c1': 136, 'c2': 128, 'c3': 16, 'pal': 188, 'bri': 255}: pwr 444/717 lit 37.0/32.6 sat 0.95/0.89 fast 0.41/0.32
   hue% ref [26, 12, 4, 11, 19, 6, 1, 4, 13, 1, 1, 2]
   hue% tgt [15, 14, 5, 23, 16, 10, 3, 8, 4, 0, 0, 2]
   hueV ref [58, 69, 52, 89, 46, 74, 59, 83, 71, 37, 46, 68]
   hueV tgt [148, 123, 124, 144, 103, 110, 117, 138, 114, 123, 116, 214]
BH DONE
