=== p10 pwr n/a | frames 1713/2259 cells 80/80 | mean 0.119/0.143 | swell tstd 0.026/0.039 sstd 0.188/0.237 ratio 7.23/6.05 | act 0.212/0.310 fast 0.415/0.298 | huespread 65.8/31.4 sat 0.96/0.99
  bands ref [3.2, 17.8, 37.5, 33.1, 8.4] tgt [9.9, 24.0, 36.3, 21.2, 8.7]
  vhist ref [65, 17, 7, 3, 2, 1, 1, 2, 2, 0]
  vhist tgt [68, 7, 6, 5, 4, 3, 2, 1, 2, 2]
  hue%  ref [26, 12, 4, 11, 18, 6, 1, 4, 13, 1, 1, 2]
  hue%  tgt [12, 7, 4, 21, 10, 3, 6, 23, 14, 0, 0, 0]
  hueV  ref [57, 68, 53, 88, 46, 73, 50, 83, 68, 45, 48, 74]
  hueV  tgt [77, 60, 67, 120, 83, 39, 50, 122, 106, None, None, None]
  wave ref ▁▁▁▁▁   ▁▁ ▁▁▁▁▁▁▁▁▁▁ ▁  ▁▁     ▁▁▁▁ ▁▁▁▁▁▁▁ ▁▁▁▁ ▁▁▁ ▁▁ ▁▁▁ ▁▁▁ ▁▁▁    ▁▁▁ ▁ ▁▁▁▁▁▁▁ ▁ ▁ ▁▁  ▁▁  ▁▁▁▁ ▁▁▁▁▁▁▁▁▁▁ ▁ ▁▁▁▁
  wave tgt ▁▁▁▁   ▁▁▁▁▁▁▁▁▁▁▁▁▁▁▁▁▁▁▁▁▁▁▁▁▁▁▁▁▁▁     ▁▁▁▁▁▁ ▁▁▁▁▁ ▁▁▁▁ ▁▁▁▁▁▁▁▁▁▁  ▁▁▁▁▁▁▁▁▁▁▁▁▁▁▁▁▁▁▁▂▁▁ ▁▁▁▁       ▁  ▁▁▁▁▁ ▁▁▁▁ 
=== p11 pwr n/a | frames 1664/2255 cells 80/80 | mean 0.063/0.061 | swell tstd 0.02/0.013 sstd 0.145/0.132 ratio 7.12/9.82 | act 0.210/0.222 fast 0.345/0.315 | huespread 7.4/2.5 sat 0.99/0.91
  bands ref [6.3, 18.8, 40.4, 27.6, 6.9] tgt [18.1, 18.9, 31.6, 25.4, 6.0]
  vhist ref [81, 10, 3, 1, 1, 1, 1, 1, 1, 0]
  vhist tgt [83, 3, 4, 2, 9, 0, 0, 0, 0, 0]
  hue%  ref [100, 0, 0, 0, 0, 0, 0, 0, 0, 0, 0, 0]
  hue%  tgt [100, 0, 0, 0, 0, 0, 0, 0, 0, 0, 0, 0]
  hueV  ref [61, None, None, None, None, None, None, None, None, None, None, None]
  hueV  tgt [73, None, None, None, None, None, None, None, None, None, None, None]
  wave ref                                            ▁                                                            ▁               
  wave tgt                                                                                                                         
=== p7 pwr n/a | frames 1626/2239 cells 80/80 | mean 0.087/0.11 | swell tstd 0.024/0.031 sstd 0.195/0.169 ratio 8.07/5.49 | act 0.239/0.195 fast 0.345/0.550 | huespread 7.4/4.4 sat 1.00/1.00
  bands ref [4.7, 19.6, 41.2, 27.7, 6.8] tgt [2.6, 9.1, 33.3, 41.7, 13.3]
  vhist ref [81, 7, 3, 2, 1, 1, 1, 1, 2, 2]
  vhist tgt [71, 11, 5, 3, 3, 2, 4, 0, 0, 0]
  hue%  ref [15, 0, 0, 0, 0, 0, 0, 0, 63, 4, 5, 13]
  hue%  tgt [13, 0, 0, 0, 0, 0, 0, 0, 67, 4, 4, 12]
  hueV  ref [37, None, None, None, None, None, None, None, 69, 92, 79, 100]
  hueV  tgt [35, None, None, None, None, None, None, None, 58, 67, 60, 81]
  wave ref    ▁▁▁▁                                         ▁▁▁            ▁▁▁      ▁                                   ▁▁       ▁  
  wave tgt  ▁▁ ▁▁    ▁▁▁▁▁▁▁       ▁▁▁▁ ▁▁▁▁▁▁ ▁▁  ▁  ▁        ▁▁ ▁▁▁ ▁▁▁▁▁▁▁▁▁  ▁▁ ▁▁▁▁  ▁ ▁ ▁▁▁▁  ▁▁ ▁▁▁ ▁▁  ▁  ▁   ▁▁   ▁▁ ▁▁ ▁▁
=== p9 pwr n/a | frames 1635/2256 cells 80/80 | mean 0.101/0.096 | swell tstd 0.066/0.077 sstd 0.17/0.156 ratio 2.58/2.03 | act 0.237/0.265 fast 0.305/0.431 | huespread 2.3/1.9 sat 0.47/0.45
  bands ref [5.5, 27.3, 36.7, 24.5, 6.0] tgt [3.7, 16.3, 36.9, 33.1, 10.0]
  vhist ref [76, 9, 4, 2, 2, 1, 1, 1, 1, 2]
  vhist tgt [79, 6, 4, 3, 2, 2, 1, 1, 1, 2]
  hue%  ref [62, 28, 10, 0, 0, 0, 0, 0, 0, 0, 0, 0]
  hue%  tgt [66, 23, 11, 0, 0, 0, 0, 0, 0, 0, 0, 0]
  hueV  ref [65, 89, 62, None, None, None, None, None, None, None, None, None]
  hueV  tgt [74, 102, 70, None, None, None, None, None, None, None, None, None]
  wave ref  ▁▁▁▁  ▁    ▁▁▁▁▁▁    ▁▁ ▁▁▁   ▁▁▁ ▁▁▁    ▁▁ ▁▁▁    ▁▁▁▁▁      ▁        ▁▁▁▁▁▁    ▁▁ ▁▁▁    ▁▁ ▁▁▁    ▁▁ ▁▁▁   ▁▁▁▁▁▁   
  wave tgt    ▁▁ ▁▁▁     ▁ ▁▁▁    ▁▁ ▁▁▁    ▁▁ ▁▂▁    ▁▁ ▁▁▁        ▃     ▁▁ ▁▁▁    ▁▁ ▁▁▁    ▁▁ ▁▁▁    ▁▁ ▁▂▁    ▂▁ ▁▁▁   ▁▁  ▁▂  
=== p1 pwr n/a | frames 1685/2264 cells 80/80 | mean 0.507/0.394 | swell tstd 0.152/0.163 sstd 0.195/0.148 ratio 1.28/0.91 | act 0.278/0.266 fast 0.014/0.013 | huespread 0.4/1.1 sat 1.00/0.99
  bands ref [28.9, 28.8, 41.0, 1.2, 0.2] tgt [12.6, 36.1, 50.1, 1.2, 0.1]
  vhist ref [2, 11, 12, 13, 12, 13, 12, 7, 7, 10]
  vhist tgt [7, 15, 20, 16, 13, 10, 7, 5, 5, 3]
  hue%  ref [2, 0, 0, 0, 0, 0, 0, 0, 59, 6, 5, 27]
  hue%  tgt [24, 8, 5, 18, 10, 4, 4, 21, 5, 0, 0, 0]
  hueV  ref [119, None, None, None, None, None, None, None, 150, 90, 72, 103]
  hueV  tgt [120, 64, 65, 121, 71, 45, 47, 115, 135, None, None, None]
  wave ref ▃▄▃▄▄▄▄▄▄▄▃▂▂▂▂▃▄▄▄▄▃▃▂▃▅▆▆▆▆▆▆▆▆▆▆▆▆▆▆▅▄▃▃▄▅▆▅▄▃▃▂▄▆▆▆▆▅▅▅▅▅▅▅▅▅▅▅▄▄▄▄▄▄▄▄▄▄▃▂▁▁▂▂▂▂▃▃▃▃▂▂▂▂▂▃▄▄▄▄▄▄▄▄▄▅▅▅▅▅▅▄▂▃▃▄▅▆▄▃▃
  wave tgt ▃▂▁▁▁▃▅▃▂▂▂▄▅▅▄▃▂▃▅▄▂▁▃▅▆▆▆▅▂▁▂▅▅▂▂▄▅▆▆▄▃▂▃▅▅▄▂▁▂▃▄▅▅▅▅▅▄▄▃▂▁▁▁▂▃▄▃▂▁▁▁▂▂▃▃▃▃▃▂▁▁▁▂▄▃▁▁▁▂▄▄▄▄▃▁▁▂▄▃▁▂▃▅▅▄▃▂▂▅▄▂▁▂▅▆▆▆▆▄▂
=== p3 pwr n/a | frames 1677/2246 cells 80/80 | mean 0.354/0.365 | swell tstd 0.122/0.12 sstd 0.139/0.14 ratio 1.14/1.17 | act 0.225/0.229 fast 0.007/0.004 | huespread 0.5/0.7 sat 0.98/0.99
  bands ref [22.0, 27.2, 50.1, 0.6, 0.2] tgt [20.7, 26.8, 52.1, 0.3, 0.1]
  vhist ref [7, 17, 18, 21, 17, 9, 6, 2, 2, 2]
  vhist tgt [5, 16, 20, 20, 17, 10, 5, 3, 3, 1]
  hue%  ref [42, 0, 0, 0, 0, 0, 0, 0, 30, 16, 5, 7]
  hue%  tgt [42, 0, 0, 0, 0, 0, 0, 0, 28, 14, 8, 9]
  hueV  ref [113, None, None, None, None, None, None, None, 79, 64, 64, 83]
  hueV  tgt [116, None, None, None, None, None, None, None, 82, 66, 68, 84]
  wave ref ▂▂▂▁▁▁▁▂▂▂▂▄▄▄▃▃▃▂▂▃▃▃▅▅▅▃▃▃▃▂▂▂▂▂▃▃▃▃▃▄▃▃▃▃▃▂▂▃▄▄▆▅▄▃▄▄▆▄▃▂▂▂▂▂▂▃▃▂▂▂▂▁▂▂▂▄▄▃▂▁▂▂▃▄▃▂▂▂▁▁▁▁▁▁▁▂▂▂▂▂▂▂▂▂▂▂▂▂▂▂▂▂▃▃▄▅▅▄▄▂
  wave tgt ▂▃▄▄▄▄▃▃▂▂▃▃▄▄▅▅▄▄▃▃▂▂▂▂▂▃▃▃▃▄▄▃▃▃▃▂▂▃▃▄▆▆▅▃▃▅▅▆▄▃▂▂▂▂▃▃▃▃▂▂▂▁▂▂▃▄▃▃▂▂▂▃▃▃▃▂▂▁▁▁▁▁▁▁▂▂▂▂▂▂▂▂▂▂▂▂▂▁▂▂▂▃▄▅▅▄▄▃▃▄▅▅▅▄▃▃▂▂▃▃
=== p4 pwr n/a | frames 1633/2215 cells 80/80 | mean 0.352/0.34 | swell tstd 0.092/0.089 sstd 0.244/0.241 ratio 2.64/2.72 | act 0.383/0.381 fast 0.005/0.003 | huespread 0.2/0.9 sat 0.91/0.92
  bands ref [7.5, 10.5, 81.5, 0.3, 0.2] tgt [7.3, 7.1, 85.3, 0.2, 0.1]
  vhist ref [25, 12, 11, 11, 10, 8, 10, 6, 4, 3]
  vhist tgt [26, 12, 11, 11, 10, 9, 10, 5, 5, 1]
  hue%  ref [0, 0, 0, 0, 49, 24, 3, 24, 0, 0, 0, 0]
  hue%  tgt [0, 0, 0, 0, 41, 18, 7, 34, 0, 0, 0, 0]
  hueV  ref [None, None, None, None, 114, 77, 107, 119, None, None, None, None]
  hueV  tgt [None, None, None, None, 115, 83, 88, 108, None, None, None, None]
  wave ref ▂▃▃▄▄▄▄▄▃▂▃▄▄▄▄▃▃▂▁▁▁▁▂▂▂▃▃▃▃▃▃▃▃▃▃▃▃▃▃▃▃▂▂▂▁▁▁▁▂▂▃▃▄▄▄▃▃▃▃▄▄▄▄▃▃▃▂▂▂▂▂▂▃▃▃▄▄▄▄▃▂▃▃▄▄▄▃▃▂▂▁▁▁▁▂▂▂▃▃▃▃▃▃▃▂▃▃▃▃▃▃▃▃▂▂▂▁▁▁▁
  wave tgt ▃▃▂▃▄▄▄▃▃▃▂▂▂▁▁▁▁▂▂▂▃▃▃▄▄▄▃▂▃▃▃▃▃▃▃▂▁▁▁▂▂▂▂▃▃▃▃▃▃▃▃▃▂▂▂▂▁▁▁▂▂▃▃▃▃▃▃▃▃▃▄▄▃▃▃▃▂▂▁▁▁▁▁▂▂▃▃▃▃▄▄▃▂▃▃▃▃▃▃▃▂▂▁▁▁▂▂▂▂▃▃▃▃▃▃▃▃▃▂▂
=== p5 pwr n/a | frames 1695/2248 cells 80/80 | mean 0.427/0.434 | swell tstd 0.095/0.093 sstd 0.297/0.307 ratio 3.12/3.29 | act 0.537/0.556 fast 0.008/0.004 | huespread 0.1/0.5 sat 1.00/1.00
  bands ref [4.4, 4.7, 90.0, 0.5, 0.3] tgt [4.4, 4.0, 91.2, 0.3, 0.1]
  vhist ref [22, 11, 9, 8, 10, 9, 7, 6, 7, 11]
  vhist tgt [23, 10, 9, 8, 9, 7, 7, 7, 8, 12]
  hue%  ref [2, 0, 0, 0, 0, 0, 0, 0, 62, 6, 4, 26]
  hue%  tgt [0, 0, 0, 0, 0, 0, 0, 0, 67, 8, 5, 19]
  hueV  ref [110, None, None, None, None, None, None, None, 144, 89, 75, 105]
  hueV  tgt [17, None, None, None, None, None, None, None, 145, 92, 74, 114]
  wave ref ▄▄▄▄▄▄▄▄▄▄▄▄▄▄▃▂▂▂▂▃▃▄▄▃▂▂▂▂▂▃▄▄▄▄▄▄▄▄▄▄▄▄▄▄▄▄▄▄▄▄▃▂▂▂▂▃▃▄▄▃▂▂▂▂▂▃▄▄▄▄▄▄▄▄▄▄▄▄▄▄▄▄▄▄▄▄▃▂▂▂▂▃▃▄▄▃▃▂▂▂▂▃▄▄▄▄▄▄▄▄▄▄▄▄▄▄▄▄▄▄
  wave tgt ▄▄▄▄▄▄▃▂▂▂▃▄▄▃▂▂▂▂▃▄▄▄▄▄▄▄▄▄▄▄▄▄▄▄▄▄▄▄▃▂▂▂▂▃▄▄▃▂▂▂▃▃▄▄▄▄▄▄▄▄▄▄▄▄▄▄▄▄▄▄▄▃▂▂▂▃▃▄▄▃▂▂▂▃▄▄▄▄▄▄▄▄▄▄▄▄▄▄▄▄▄▄▄▄▃▂▂▂▃▃▄▃▃▂▂▂▃▄▄▄
STRUCT DONE
