=== p1 pwr 1112/1138 ratio 1.02 | frames 1686/2250 cells 80/80 | mean 0.504/0.53 | swell tstd 0.149/0.158 sstd 0.199/0.189 ratio 1.33/1.2 | act 0.285/0.261 fast 0.016/0.018 | huespread 0.4/0.7 sat 1.00/1.00
  bands ref [25.9, 31.4, 41.2, 1.4, 0.2] tgt [30.7, 30.0, 37.5, 1.7, 0.1]
  vhist ref [2, 11, 13, 12, 13, 13, 11, 7, 7, 10]
  vhist tgt [2, 9, 11, 12, 13, 13, 13, 8, 8, 12]
  hue%  ref [3, 0, 0, 0, 0, 0, 0, 0, 62, 5, 4, 26]
  hue%  tgt [1, 0, 0, 0, 0, 0, 0, 0, 59, 6, 7, 27]
  hueV  ref [122, None, None, None, None, None, None, None, 147, 89, 73, 104]
  hueV  tgt [39, None, None, None, None, None, None, None, 156, 91, 77, 118]
  wave ref ▄▄▄▄▄▃▂▂▂▂▃▃▃▂▂▂▁▃▄▃▄▄▄▄▄▄▄▄▄▄▄▄▄▃▂▂▂▃▄▅▄▃▃▃▂▃▅▆▆▆▆▆▆▆▆▆▆▆▆▆▆▆▆▆▆▆▆▆▆▆▆▆▆▄▃▃▃▃▃▄▄▅▄▃▃▂▂▃▄▄▄▄▄▄▄▄▄▄▄▄▄▄▄▃▂▁▂▂▃▄▃▂▂▂▂▃▄▄▄▄
  wave tgt ▅▆▆▅▄▃▃▃▃▅▆▆▆▆▆▆▆▆▆▅▅▅▅▅▅▅▅▅▅▄▄▄▄▄▃▂▂▂▂▃▄▃▃▂▂▁▂▃▄▄▄▄▄▄▄▄▄▄▄▄▄▂▂▂▃▄▄▃▂▂▃▅▅▅▅▆▆▆▆▆▆▆▆▆▆▆▆▆▆▆▆▅▃▃▃▃▃▄▅▆▆▆▅▄▃▃▃▂▃▅▅▅▅▅▅▅▅▅▅▄
=== p3 pwr 905/927 ratio 1.02 | frames 1698/2246 cells 80/80 | mean 0.361/0.375 | swell tstd 0.12/0.13 sstd 0.132/0.137 ratio 1.1/1.06 | act 0.191/0.185 fast 0.016/0.014 | huespread 0.6/0.8 sat 0.98/0.99
  bands ref [27.4, 33.0, 38.0, 1.4, 0.2] tgt [34.0, 33.6, 30.9, 1.4, 0.1]
  vhist ref [6, 14, 22, 21, 18, 9, 6, 2, 2, 2]
  vhist tgt [5, 15, 18, 21, 18, 11, 5, 4, 3, 1]
  hue%  ref [39, 0, 0, 0, 0, 0, 0, 0, 31, 17, 6, 8]
  hue%  tgt [43, 0, 0, 0, 0, 0, 0, 0, 27, 13, 7, 9]
  hueV  ref [115, None, None, None, None, None, None, None, 82, 68, 69, 88]
  hueV  tgt [121, None, None, None, None, None, None, None, 81, 65, 67, 86]
  wave ref ▄▃▂▂▂▂▂▃▃▃▃▃▃▃▃▃▂▂▂▂▂▂▂▂▂▃▃▄▄▃▃▂▂▃▄▄▂▂▂▁▁▁▂▂▂▂▁▁▁▁▁▂▂▃▄▃▃▂▃▄▄▃▃▂▂▂▂▂▂▂▃▃▃▃▃▃▃▃▃▂▂▂▂▂▃▄▄▄▅▆▆▅▄▄▃▃▄▄▅▆▆▄▃▃▂▂▂▂▂▂▂▃▂▂▂▂▁▁▂▂
  wave tgt ▄▄▄▃▂▃▄▅▄▃▂▂▂▂▃▃▃▃▃▃▃▂▂▂▃▃▄▆▆▆▅▄▃▃▃▄▅▅▅▆▅▄▃▃▂▂▂▂▂▂▂▂▂▂▂▂▂▂▂▂▁▁▁▁▂▃▃▃▃▂▂▂▃▃▃▂▁▁▁▁▂▂▂▂▂▂▂▁▂▃▄▄▄▃▂▃▄▅▅▄▃▃▂▂▂▂▂▃▃▃▃▄▄▄▃▃▃▃▃▂
=== p4 pwr 1009/992 ratio 0.98 | frames 1656/2237 cells 80/80 | mean 0.352/0.337 | swell tstd 0.092/0.09 sstd 0.244/0.239 ratio 2.64/2.65 | act 0.384/0.379 fast 0.005/0.002 | huespread 0.2/0.9 sat 0.91/0.92
  bands ref [7.5, 10.5, 81.5, 0.3, 0.2] tgt [8.4, 7.0, 84.5, 0.1, 0.1]
  vhist ref [25, 12, 11, 11, 10, 9, 10, 6, 4, 3]
  vhist tgt [26, 12, 11, 12, 10, 9, 9, 5, 5, 1]
  hue%  ref [0, 0, 0, 0, 47, 23, 3, 27, 0, 0, 0, 0]
  hue%  tgt [0, 0, 0, 0, 40, 19, 7, 34, 0, 0, 0, 0]
  hueV  ref [None, None, None, None, 114, 76, 107, 120, None, None, None, None]
  hueV  tgt [None, None, None, None, 114, 81, 84, 108, None, None, None, None]
  wave ref ▃▃▃▄▄▄▄▃▃▃▃▄▄▄▄▃▂▂▁▁▁▁▂▂▂▃▃▃▃▃▃▃▂▃▃▃▃▃▃▃▃▂▂▂▁▁▁▁▂▂▃▄▄▄▄▃▃▃▄▄▄▄▄▃▃▃▂▂▁▂▂▂▃▃▃▄▄▄▄▃▂▃▃▄▄▄▃▃▂▁▁▁▁▁▂▂▃▃▃▃▃▃▃▃▂▃▃▃▃▃▃▃▃▂▂▁▁▁▁▂
  wave tgt ▂▁▁▁▂▃▃▃▃▃▃▃▂▃▄▄▄▃▃▃▂▂▂▁▁▁▁▁▂▂▃▃▃▄▄▄▃▂▃▃▃▃▃▃▃▂▁▁▁▂▂▂▂▃▃▃▃▃▃▃▃▃▂▂▂▂▁▁▁▂▂▃▃▃▃▃▃▃▂▃▄▄▄▃▃▃▂▂▂▁▁▁▁▂▂▂▃▃▃▄▄▃▃▂▃▃▃▃▃▃▂▂▁▁▁▂▂▂▂▃
=== p5 pwr 965/988 ratio 1.02 | frames 1636/2233 cells 80/80 | mean 0.424/0.434 | swell tstd 0.095/0.093 sstd 0.294/0.307 ratio 3.09/3.29 | act 0.532/0.556 fast 0.010/0.004 | huespread 0.1/0.5 sat 1.00/1.00
  bands ref [4.5, 4.9, 89.6, 0.7, 0.3] tgt [4.4, 3.9, 91.2, 0.3, 0.1]
  vhist ref [22, 11, 9, 8, 10, 9, 7, 6, 7, 11]
  vhist tgt [23, 10, 9, 8, 9, 7, 7, 7, 8, 12]
  hue%  ref [2, 0, 0, 0, 0, 0, 0, 0, 59, 6, 5, 28]
  hue%  tgt [0, 0, 0, 0, 0, 0, 0, 0, 67, 8, 5, 19]
  hueV  ref [105, None, None, None, None, None, None, None, 144, 87, 76, 106]
  hueV  tgt [17, None, None, None, None, None, None, None, 145, 92, 73, 114]
  wave ref ▂▂▃▃▄▃▃▂▂▂▂▂▃▄▄▄▄▄▄▄▄▄▄▄▄▄▄▄▄▄▄▄▄▃▂▂▂▂▃▃▄▃▃▃▂▂▂▂▃▄▄▄▄▄▄▄▄▄▄▄▄▄▄▄▄▄▄▄▄▃▂▂▂▂▂▃▄▄▃▃▂▂▂▂▃▄▄▄▄▄▄▄▄▄▄▄▄▄▄▄▄▄▄▄▄▄▂▂▂▂▂▃▄▄▃▃▂▂▂▂
  wave tgt ▄▄▄▃▂▂▂▂▃▄▄▃▂▂▂▃▃▄▄▄▄▄▄▄▄▄▄▄▄▄▄▄▄▄▄▄▃▂▂▂▃▃▄▄▃▂▂▂▃▄▄▄▄▄▄▄▄▄▄▄▄▄▄▄▄▄▄▄▄▃▂▂▂▃▃▄▃▃▂▂▂▃▄▄▄▄▄▄▄▄▄▄▄▄▄▄▄▄▄▄▄▄▃▂▂▂▃▄▄▃▂▂▂▃▃▄▄▄▄▄
=== p2 pwr 1277/1168 ratio 0.91 | frames 1659/2223 cells 80/80 | mean 0.59/0.535 | swell tstd 0.181/0.171 sstd 0.115/0.128 ratio 0.63/0.75 | act 0.184/0.190 fast 0.009/0.018 | huespread 9.3/11.9 sat 0.99/0.99
  bands ref [9.6, 72.4, 17.1, 0.7, 0.1] tgt [31.4, 49.8, 16.9, 1.6, 0.2]
  vhist ref [0, 0, 10, 16, 13, 15, 12, 12, 11, 11]
  vhist tgt [0, 3, 12, 15, 16, 23, 8, 6, 5, 11]
  hue%  ref [26, 12, 4, 20, 9, 7, 4, 18, 0, 0, 0, 0]
  hue%  tgt [24, 7, 5, 15, 10, 4, 5, 23, 8, 0, 0, 0]
  hueV  ref [171, 97, 110, 214, 131, 64, 76, 154, 244, None, None, 245]
  hueV  tgt [150, 88, 89, 159, 96, 60, 64, 158, 190, None, None, None]
  wave ref ▆▅▆▆▆▆▆▆▅▅▄▄▃▃▄▄▆▇██▇▅▄▃▂▂▂▃▄▄▅▅▅▆▆▅▅▅▄▃▂▂▂▂▃▄▆▇██▇▆▄▄▃▃▄▄▅▆▆▆▆▆▇▆▆▅▅▄▄▃▃▃▄▅▇▇██▇▆▄▃▂▂▂▃▃▄▅▆▆▆▆▆▅▄▄▃▃▂▂▂▃▅▆▇█▇▇▆▄▃▃▃▃▄▅▅
  wave tgt ▇▄▄▄▄▄▃▃▂▂▂▃▃▄▄▃▃▃▄▄▂▂▂▃▃▃▆▆▆▅▅▅▆▆▆▇▇██▇▆▅▃▂▂▂▃▃▄▃▃▃▃▄▄▄▄▄▃▃▃▃▃▆▇▆▄▆▇▅▄▄▄▄▄▄▄▄▅▆▆▆▅▄▃▃▃▃▃▂▂▅▅▄▇▆▅██▅▅▅▅▆▅▄▄▃▃▃▂▂▂▂▂▃▄▆▅▃
=== p14 pwr 1233/1163 ratio 0.94 | frames 1671/2239 cells 80/80 | mean 0.516/0.51 | swell tstd 0.224/0.186 sstd 0.22/0.094 ratio 0.98/0.51 | act 0.207/0.169 fast 0.005/0.021 | huespread 7.4/3.4 sat 0.99/1.00
  bands ref [60.3, 26.3, 13.0, 0.4, 0.1] tgt [56.2, 19.4, 22.3, 1.9, 0.2]
  vhist ref [15, 5, 6, 7, 21, 10, 6, 5, 4, 21]
  vhist tgt [0, 0, 18, 16, 26, 9, 8, 7, 9, 8]
  hue%  ref [88, 12, 0, 0, 0, 0, 0, 0, 0, 0, 0, 0]
  hue%  tgt [90, 10, 0, 0, 0, 0, 0, 0, 0, 0, 0, 0]
  hueV  ref [126, 248, None, None, None, None, None, None, None, None, None, None]
  hueV  tgt [125, 176, None, None, None, None, None, None, None, None, None, None]
  wave ref ▂▂▂▂▂▂▂▂▂▂▃▃▄▄▅▅▅▆▆▆▆▆▇▇▇▇▇█▇▇▆▅▆▆▇▇▆▆▅▅▅▅▅▄▃▃▂▂▂▂▃▃▃▂▂▁▁▁▁▁▁▁▁▁▂▂▂▃▃▄▄▅▅▅▅▆▆▆▆▆▆▆▇▇▇▇▇▇▆▆▆▇▇▇▆▆▆▅▅▅▆▆▅▄▃▂▂▂▂▂▂▂▂▂▂▂▂▂▂▂
  wave tgt ▃▄▇▇▅▄▄▄▅▅▆▆▇███▇▆▄▄▄▆▇▇▅▃▃▃▃▄▄▄▄▄▄▃▂▂▂▃▃▂▁▃▃▂▁▂▃▃▃▄▄▄▄▄▄▄▄▄▄▅▆▆▅▃▅▇▄▅▇▅▄▇▆▄▄▄▅▅▅▄▄▄▄▅▅▅▄▃▃▃▅▆▄▃▄▅▂▂▄▄▃▂▂▂▂▂▂▂▃▃▃▃▃▃▂▂▂▃
=== p12 pwr 1412/1373 ratio 0.97 | frames 1681/2185 cells 80/80 | mean 0.371/0.351 | swell tstd 0.053/0.061 sstd 0.309/0.277 ratio 5.88/4.57 | act 0.372/0.339 fast 0.012/0.012 | huespread 0.4/0.9 sat 0.66/0.66
  bands ref [13.9, 40.3, 44.6, 1.0, 0.2] tgt [15.5, 39.3, 43.9, 1.2, 0.1]
  vhist ref [31, 8, 8, 9, 10, 9, 8, 5, 4, 8]
  vhist tgt [31, 7, 8, 8, 9, 12, 12, 6, 3, 3]
  hue%  ref [1, 0, 0, 0, 5, 24, 14, 4, 4, 8, 39, 0]
  hue%  tgt [0, 0, 0, 0, 6, 28, 16, 5, 5, 7, 32, 0]
  hueV  ref [122, None, None, None, 159, 137, 116, 112, 105, 103, 124, 29]
  hueV  tgt [None, None, None, None, 171, 136, 108, 103, 99, 96, 112, None]
  wave ref ▄▃▃▃▃▃▃▃▃▃▃▃▂▂▂▂▂▂▂▂▃▃▃▃▃▃▃▃▃▃▂▂▂▂▂▂▂▂▃▃▃▃▃▃▃▃▃▃▄▄▄▄▃▃▃▃▃▃▄▄▄▃▃▃▃▃▃▃▃▃▃▃▂▂▂▂▂▂▂▂▃▃▃▃▃▃▃▃▃▃▂▂▂▂▂▂▂▂▂▃▃▃▃▃▃▃▃▃▄▄▄▃▃▃▃▃▃▃▄▄
  wave tgt ▂▂▂▂▂▂▂▃▃▃▃▃▃▃▃▃▄▄▄▄▄▄▄▃▃▃▃▃▃▃▃▃▂▂▂▂▂▂▂▂▂▂▂▂▂▂▃▃▃▃▃▃▃▃▃▃▃▂▂▂▂▂▂▂▂▂▂▂▂▂▂▂▃▃▃▃▃▃▃▃▃▄▄▄▄▄▄▄▄▃▃▃▃▃▃▃▂▃▂▂▂▂▂▂▂▂▂▂▂▂▂▃▃▃▃▃▃▃▃▃
=== p13 pwr 1487/1531 ratio 1.03 | frames 1654/2186 cells 80/80 | mean 0.731/0.749 | swell tstd 0.11/0.082 sstd 0.271/0.27 ratio 2.47/3.3 | act 0.293/0.282 fast 0.007/0.007 | huespread 0.1/0.5 sat 1.00/1.00
  bands ref [21.8, 43.3, 34.2, 0.6, 0.2] tgt [18.1, 42.9, 38.3, 0.6, 0.1]
  vhist ref [3, 5, 5, 5, 6, 6, 9, 9, 8, 44]
  vhist tgt [3, 4, 5, 4, 5, 5, 8, 8, 11, 47]
  hue%  ref [3, 0, 0, 0, 0, 0, 0, 0, 61, 6, 5, 25]
  hue%  tgt [1, 0, 0, 0, 0, 0, 0, 0, 60, 6, 7, 26]
  hueV  ref [185, None, None, None, None, None, None, None, 203, 147, 137, 172]
  hueV  tgt [39, None, None, None, None, None, None, None, 203, 150, 141, 196]
  wave ref ▇▆▇▇▆▇▅▄▄▅▅▆▆▆▇▇▅▅▅▆▆▆▅▅▇▇▆▆▆▅▅▄▄▆▇▇▇▇▇▇▇▇▇▆▇▇▆▇▆▇▇▆▆▇▇▇▇▇▇▇▇▇▇▇▇▆▅▄▄▅▅▅▆▆▇▇▅▅▆▇▆▅▅▅▇▇▆▆▅▅▅▄▄▅▇▇▇▆▆▇▇▆▇▇▇▆▇▇▆▇▇▆▇▇▇▇▇▆▆▇
  wave tgt ▇▇▇▇▇▇▇▇▇▇▆▇▇▇▇▆▅▄▄▅▅▆▆▆▆▆▇▇▇▇▇▇▇▆▆▆▆▅▅▄▄▅▆▆▇▇▇▆▆▇▇▇▇▇▇▇▇▇▇▇▇▇▇▇▇▇▇▇▇▇▇▇▇▇▆▇▇▆▇▇▇▆▅▄▄▅▅▆▆▆▆▆▇▇▇▇▇▇▆▆▆▆▅▅▅▄▄▅▆▇▇▇▆▇▆▆▇▇▇▇
=== p7 pwr 367/420 ratio 1.14 | frames 1664/2256 cells 80/80 | mean 0.089/0.11 | swell tstd 0.021/0.031 sstd 0.196/0.169 ratio 9.29/5.53 | act 0.238/0.195 fast 0.346/0.547 | huespread 7.6/4.4 sat 1.00/1.00
  bands ref [4.8, 17.9, 42.7, 27.8, 6.8] tgt [2.3, 9.2, 33.8, 41.4, 13.3]
  vhist ref [81, 7, 3, 2, 1, 1, 1, 1, 2, 2]
  vhist tgt [71, 11, 5, 3, 3, 2, 4, 0, 0, 0]
  hue%  ref [15, 0, 0, 0, 0, 0, 0, 0, 61, 5, 5, 14]
  hue%  tgt [12, 0, 0, 0, 0, 0, 0, 0, 67, 4, 4, 12]
  hueV  ref [37, None, None, None, None, None, None, None, 69, 88, 82, 98]
  hueV  tgt [36, None, None, None, None, None, None, None, 59, 66, 61, 81]
  wave ref                       ▁ ▁     ▁ ▁     ▁▁▁▁                           ▁             ▁▁             ▁▁▁                   
  wave tgt  ▁▁ ▁▁▁▁  ▁ ▁  ▁▁▁   ▁ ▁▁▁▁▁▁ ▁▁  ▁        ▁ ▁▁▁ ▁▁▁▁▁▁▁▁▁ ▁▁▁▁ ▁▁▁▁▁ ▁▁▁▁▁▁▁   ▁▁ ▁▁  ▁▁    ▁▁       ▁▁  ▁ ▁▁  ▁▁▁▁▁▁  
=== p9 pwr 432/448 ratio 1.04 | frames 1569/2227 cells 80/80 | mean 0.1/0.096 | swell tstd 0.066/0.077 sstd 0.169/0.157 ratio 2.57/2.03 | act 0.236/0.266 fast 0.303/0.430 | huespread 2.4/1.9 sat 0.48/0.45
  bands ref [5.5, 27.6, 36.6, 24.2, 6.1] tgt [3.7, 16.4, 37.0, 32.9, 10.0]
  vhist ref [76, 9, 4, 2, 2, 1, 1, 1, 1, 2]
  vhist tgt [79, 6, 4, 3, 2, 1, 1, 1, 1, 2]
  hue%  ref [62, 28, 10, 0, 0, 0, 0, 0, 0, 0, 0, 0]
  hue%  tgt [67, 22, 11, 0, 0, 0, 0, 0, 0, 0, 0, 0]
  hueV  ref [66, 87, 61, None, None, None, None, None, None, None, None, None]
  hueV  tgt [75, 103, 70, None, None, None, None, None, None, None, None, None]
  wave ref ▁       ▁▁▁▁▁    ▁▁▁ ▁▁▁    ▁▁ ▁▁▁    ▁▁▁▁▁▁    ▁▂▁▁▁      ▁       ▁▁▁ ▁▁▁   ▁▁▁ ▁▁▁    ▁▁▁▁▁▁    ▁▁ ▁▁▁   ▁▁▁▁▁▁    ▁▁▁
  wave tgt ▁        ▃    ▁▁▁ ▁▁▁   ▁▁▁ ▁▁▁    ▁▁ ▁▁▁    ▁▁ ▁▁▁    ▂▁ ▁▁▁   ▁▁  ▁▂     ▁▁ ▁▁▁   ▁ ▁ ▁▁▁    ▁▁ ▁▁▁    ▁▁ ▁▂▁    ▂▁ ▁▁
=== p10 pwr 444/492 ratio 1.11 | frames 1642/2233 cells 80/80 | mean 0.119/0.144 | swell tstd 0.026/0.04 sstd 0.186/0.237 ratio 7.18/5.86 | act 0.210/0.309 fast 0.412/0.299 | huespread 65.4/30.8 sat 0.97/0.99
  bands ref [3.1, 18.0, 37.7, 32.7, 8.4] tgt [10.4, 23.8, 35.9, 21.4, 8.5]
  vhist ref [65, 17, 7, 3, 2, 1, 1, 2, 2, 0]
  vhist tgt [68, 7, 6, 5, 4, 3, 2, 2, 2, 2]
  hue%  ref [27, 12, 4, 11, 19, 6, 1, 3, 12, 1, 1, 2]
  hue%  tgt [12, 8, 4, 21, 10, 2, 5, 23, 14, 0, 0, 0]
  hueV  ref [57, 66, 51, 90, 45, 73, 55, 82, 69, 44, 47, 74]
  hueV  tgt [77, 61, 67, 120, 83, 39, 49, 122, 107, None, None, None]
  wave ref   ▁   ▁▁  ▁▁▁▁ ▁ ▁▁▁ ▁▁▁▁▁▁▁ ▁▁▁▁     ▁▁▁▁▁▁▁▁▁   ▁▁ ▁  ▁   ▁▁▁▁▁▁ ▁▁  ▁▁▁ ▁ ▁▁▁▁▁▁ ▁ ▁ ▁▁▁▁ ▁▁ ▁▁ ▁▁    ▁ ▁▁▁▁▁▁▁▁▁▁▁ ▁
  wave tgt  ▁▁ ▁▁▁▁  ▁▁▁▁▁▁▁▁ ▁ ▁ ▁▁▁▁▁▁▁▁▁▁▁▁▁▁▁▁▁▁▁▁▁▁▁▁▁▁ ▁      ▁▁▁▁▁▁▁▁▁▁▁▁▁▁▁▁  ▁▁▁▁▁▁▁▁▁▁ ▁▁▁▁▁▁▁▁▁▁▁▁▁▂▁▁▁▁▁▁▁▁▁▁▁▁▁▁ ▁▁   
=== p11 pwr 325/352 ratio 1.08 | frames 1632/2259 cells 80/80 | mean 0.063/0.061 | swell tstd 0.02/0.013 sstd 0.146/0.132 ratio 7.31/9.95 | act 0.209/0.221 fast 0.340/0.318 | huespread 7.5/2.4 sat 0.98/0.91
  bands ref [6.6, 18.4, 41.0, 27.2, 6.8] tgt [17.4, 19.0, 31.8, 25.9, 5.9]
  vhist ref [81, 10, 3, 1, 1, 1, 1, 1, 1, 0]
  vhist tgt [83, 3, 3, 2, 9, 0, 0, 0, 0, 0]
  hue%  ref [100, 0, 0, 0, 0, 0, 0, 0, 0, 0, 0, 0]
  hue%  tgt [100, 0, 0, 0, 0, 0, 0, 0, 0, 0, 0, 0]
  hueV  ref [62, None, None, None, None, None, None, None, None, None, None, None]
  hueV  tgt [73, None, None, None, None, None, None, None, None, None, None, None]
  wave ref                                                  ▁                                                            ▁         
  wave tgt                                                                                                                         
STRUCT DONE
