=== p14 pwr 1070/1047 ratio 0.98 | mean 0.506/0.507 | swell tstd 0.242/0.184 sstd 0.215/0.092 ratio 0.89/0.5 | act 0.199/0.167 fast 0.003/0.019 | huespread 7.0/3.4 sat 0.99/1.00
  bands ref [66.3, 22.7, 10.6, 0.3, 0.1] tgt [56.5, 20.0, 21.6, 1.8, 0.2]
  vhist ref [18, 5, 5, 6, 20, 10, 6, 5, 4, 21]
  vhist tgt [0, 0, 18, 16, 26, 10, 8, 6, 8, 7]
  hue%  ref [88, 12, 0, 0, 0, 0, 0, 0, 0, 0, 0, 0]
  hue%  tgt [90, 10, 0, 0, 0, 0, 0, 0, 0, 0, 0, 0]
  hueV  ref [126, 248, None, None, None, None, None, None, None, None, None, None]
  hueV  tgt [124, 175, None, None, None, None, None, None, None, None, None, None]
  wave ref ▃▃▂▂▂▂▂▃▂▁▁ ▁▁▁▂▂▂▂▂▃▃▃▄▄▅▅▆▆▇▇▇▇▆▆▆▆▆▆▇▇▇▇▆▆▆▇▇▇▆▅▅▆▆▆▅▅▄▃▃▂▂▂▁▁▁▁▁▁▁▁▁▁▁▂▂▂▂▂▃▃▃▃▂▂▂▄▅▆▆▆▅▅▆▆▇▇▇▇▆▆▆▇▇▇▇▇▇▇▆▆▅▅▅▅▄▄▄▄▃
  wave tgt ▃▄▄▄▄▄▄▃▂▂▂▃▃▁▂▃▃▂▂▂▃▃▄▄▄▄▄▄▄▄▄▄▅▅▆▆▃▃▅▆▃▅▇▄▆█▆▄▄▄▅▅▅▅▄▄▄▅▅▅▃▃▃▄▅▅▃▃▅▄▂▂▄▄▃▂▂▂▂▂▂▂▃▃▃▃▃▃▂▂▂▃▄▄▄▂▂▂▃▄▅▆▆▆▆▆▄▃▄▇█▅▄▆▇▅▄▅▇█
=== p2 pwr 1291/1201 ratio 0.93 | mean 0.579/0.531 | swell tstd 0.185/0.174 sstd 0.113/0.126 ratio 0.61/0.72 | act 0.186/0.190 fast 0.009/0.015 | huespread 9.5/12.4 sat 0.99/0.99
  bands ref [9.2, 73.0, 16.9, 0.7, 0.1] tgt [31.3, 50.5, 16.7, 1.4, 0.1]
  vhist ref [0, 0, 11, 17, 13, 14, 12, 11, 10, 11]
  vhist tgt [0, 3, 13, 16, 16, 23, 7, 6, 5, 11]
  hue%  ref [23, 12, 5, 20, 10, 9, 3, 16, 0, 0, 0, 0]
  hue%  tgt [22, 8, 5, 16, 10, 4, 5, 23, 8, 0, 0, 0]
  hueV  ref [173, 97, 110, 213, 133, 64, 76, 156, 244, None, None, 245]
  hueV  tgt [149, 86, 89, 158, 95, 60, 64, 158, 189, None, None, None]
  wave ref ▄▅▇██▇▆▄▃▃▃▃▄▄▅▆▆▆▇▇▆▆▅▅▅▄▃▃▃▃▅▆▆██▇▆▄▃▃▂▂▂▃▄▅▆▆▆▅▆▆▄▄▄▃▂▂▂▃▄▅▇██▇▅▄▃▃▃▃▄▅▅▅▆▆▆▆▆▆▆▅▄▄▃▃▃▃▄▆▇██▇▅▄▃▂▂▂▃▃▄▄▅▆▇▆▆▅▅▄▃▂▂▂▃▃
  wave tgt ▃▂▂▃▅▆▆▄▃▃▂▂▂▃▃▄▄▅▅▄▄▅██▅▆█▇▅▅▆▆▆▅▄▃▃▃▃▄▅▅▅▅▆▅▅▂▂▃▄▂▄▆▄▆█▅▄▄▄▄▄▃▂▂▂▂▃▃▄▃▃▃▄▄▃▂▂▃▃▂▃▆▇▅▅▅▅▆▆▇▇██▇▇▆▄▃▂▂▂▃▃▄▃▃▃▄▄▄▄▄▄▃▃▃▃▄
=== p12 pwr 1453/1502 ratio 1.03 | mean 0.373/0.351 | swell tstd 0.07/0.084 sstd 0.305/0.27 ratio 4.34/3.22 | act 0.373/0.341 fast 0.011/0.013 | huespread 0.4/0.8 sat 0.64/0.66
  bands ref [12.1, 41.8, 45.0, 1.0, 0.2] tgt [14.2, 40.0, 44.5, 1.2, 0.1]
  vhist ref [31, 8, 8, 8, 11, 9, 8, 5, 4, 8]
  vhist tgt [31, 7, 8, 8, 10, 11, 12, 6, 4, 3]
  hue%  ref [1, 0, 0, 0, 6, 25, 12, 5, 4, 6, 40, 0]
  hue%  tgt [0, 0, 0, 0, 6, 28, 17, 5, 4, 7, 32, 0]
  hueV  ref [114, None, None, None, 162, 136, 117, 113, 104, 103, 127, 22]
  hueV  tgt [None, None, None, None, 172, 136, 108, 102, 100, 96, 112, None]
  wave ref ▃▄▄▄▃▃▃▃▃▃▃▃▃▃▃▃▃▃▃▄▄▄▃▃▂▂▂▃▃▂▂▂▂▂▂▂▃▃▃▃▃▃▄▄▄▃▃▃▂▂▂▂▂▂▃▃▃▂▂▃▄▄▄▃▃▃▃▃▂▂▃▃▃▃▃▂▃▃▃▃▃▄▄▄▂▂▃▃▃▃▂▂▁▂▂▃▃▃▃▄▄▃▃▃▃▃▃▂▂▂▁▂▃▃▃▂▃▂▂▃
  wave tgt ▂▃▃▂▂▃▃▂▂▃▃▄▄▄▄▃▃▃▄▄▃▃▃▂▃▃▃▃▃▃▃▂▃▃▃▃▃▂▂▂▂▂▂▂▃▃▃▃▂▂▃▃▃▃▂▂▂▂▁▁▁▂▂▂▂▂▁▂▂▂▃▃▃▄▄▃▃▃▄▅▅▄▃▂▃▃▄▄▃▃▄▄▃▃▂▂▂▂▂▂▂▁▁▂▃▃▂▂▂▂▂▃▃▃▃▃▃▂▂▂
=== p13 pwr 1494/1518 ratio 1.02 | mean 0.732/0.75 | swell tstd 0.102/0.102 sstd 0.275/0.26 ratio 2.7/2.55 | act 0.298/0.282 fast 0.007/0.007 | huespread 0.1/0.5 sat 1.00/1.00
  bands ref [20.9, 42.7, 35.6, 0.6, 0.2] tgt [18.0, 43.9, 37.3, 0.6, 0.1]
  vhist ref [3, 5, 6, 5, 5, 6, 8, 9, 9, 45]
  vhist tgt [3, 4, 5, 4, 5, 5, 8, 8, 10, 47]
  hue%  ref [3, 0, 0, 0, 0, 0, 0, 0, 61, 5, 6, 26]
  hue%  tgt [1, 0, 0, 0, 0, 0, 0, 0, 60, 6, 6, 26]
  hueV  ref [184, None, None, None, None, None, None, None, 203, 148, 139, 174]
  hueV  tgt [40, None, None, None, None, None, None, None, 203, 151, 140, 197]
  wave ref ▆▆▇▆▆▅▆▇▆▆▅▅▄▅▄▅▆▇▇▆▆▇▇▆▇▇▆▇▆▇▇▇▇▇▆▆▇▇▇▆▆▇▇▇▇▇▇▇▆▄▄▄▄▅▅▆▇▇▆▄▆▆▇▆▆▅▇▇▆▆▅▅▄▅▄▅▆▇▇▆▆▇▇▇▇▇▇▇▆▇▆▇▇▆▆▆▇▇▇▆▆▇▇▆▇▇▆▇▅▄▄▄▅▅▆▆▆▇▅▅
  wave tgt ▆▇▇▇▇▆▆▆▆▇▇▆▆▆▆▆▇▆▇█▇▇▆▇██▇▆▅▄▅▅▅▆▆▆▇▇▇▆▆▇▇▇▇▆▆▅▅▄▄▄▅▆▇▇▆▆▆▆▆▆▇▇█▇▇▆▆▇█▇▇▆▆▆▇▇▇▇▇██▇▇▆▇▇▇▇▆▆▅▄▄▅▅▅▆▆▆▆▆▇▇▇▆▆▆▆▆▆▆▅▅▄▄▄▅▅
=== p10 pwr 436/481 ratio 1.10 | mean 0.124/0.137 | swell tstd 0.035/0.043 sstd 0.184/0.231 ratio 5.23/5.41 | act 0.212/0.310 fast 0.415/0.298 | huespread 65.8/31.4 sat 0.96/0.99
  bands ref [3.5, 17.9, 37.6, 32.8, 8.3] tgt [8.9, 23.0, 37.4, 21.8, 8.8]
  vhist ref [63, 18, 7, 3, 2, 2, 1, 2, 2, 0]
  vhist tgt [69, 7, 6, 4, 4, 3, 2, 1, 2, 2]
  hue%  ref [26, 12, 4, 11, 18, 6, 1, 4, 13, 1, 1, 2]
  hue%  tgt [12, 7, 4, 21, 10, 3, 6, 23, 14, 0, 0, 0]
  hueV  ref [57, 68, 53, 88, 46, 73, 50, 83, 68, 45, 48, 74]
  hueV  tgt [77, 60, 67, 120, 83, 39, 50, 122, 106, None, None, None]
  wave ref ▁▁▁▁▁   ▁▁ ▁▁▁▁▁▁▁▁▁  ▁▁▁▁   ▁  ▁▁    ▁▁▁▁▁▁ ▁▁▁▁  ▁▁▁▁  ▁▁  ▁▂▁ ▁▁▁▁▁ ▁ ▁▁ ▁ ▁▁▁▁▁▁   ▁▁▁▁▁  ▁▁▁▁▁▁▁▁▁▁▁▁▁▁▁▁▁▁▁ ▁ ▁▁▁ 
  wave tgt  ▁▁▁ ▁ ▂▁▁▁▁▁▁▁▁▁▁▁▁▁▁▁▁▁▁▁▁▁▁▁▁ ▁▁▁     ▁▁  ▁▁▁ ▁▁▁ ▁  ▁▁▁  ▁▁▁▁▁▁▁▁▁  ▁▁▁▁▁▁▁▁▁▁▁▁▁▁▁▁▁▁▁▁▁▁ ▁▁▁  ▁     ▁  ▁▁▁▁▁▁ ▁▁▁ 
=== p11 pwr 322/349 ratio 1.08 | mean 0.066/0.058 | swell tstd 0.029/0.015 sstd 0.141/0.129 ratio 4.82/8.46 | act 0.210/0.222 fast 0.345/0.315 | huespread 7.4/2.5 sat 0.99/0.91
  bands ref [5.8, 20.6, 40.0, 27.1, 6.5] tgt [17.2, 16.4, 32.7, 27.2, 6.4]
  vhist ref [80, 10, 4, 2, 1, 1, 1, 1, 1, 0]
  vhist tgt [84, 3, 3, 2, 8, 0, 0, 0, 0, 0]
  hue%  ref [100, 0, 0, 0, 0, 0, 0, 0, 0, 0, 0, 0]
  hue%  tgt [100, 0, 0, 0, 0, 0, 0, 0, 0, 0, 0, 0]
  hueV  ref [61, None, None, None, None, None, None, None, None, None, None, None]
  hueV  tgt [73, None, None, None, None, None, None, None, None, None, None, None]
  wave ref  ▁            ▁                           ▁▁▁▁                 ▁                                        ▁▁▁             
  wave tgt                                                                                                                         
=== p7 pwr 363/419 ratio 1.15 | mean 0.087/0.105 | swell tstd 0.036/0.036 sstd 0.186/0.161 ratio 5.16/4.43 | act 0.239/0.195 fast 0.345/0.550 | huespread 7.4/4.4 sat 1.00/1.00
  bands ref [5.0, 19.4, 41.4, 27.5, 6.7] tgt [2.7, 9.3, 30.5, 43.9, 13.6]
  vhist ref [81, 7, 3, 2, 1, 1, 1, 1, 1, 2]
  vhist tgt [72, 11, 5, 3, 3, 2, 4, 0, 0, 0]
  hue%  ref [15, 0, 0, 0, 0, 0, 0, 0, 63, 4, 5, 13]
  hue%  tgt [13, 0, 0, 0, 0, 0, 0, 0, 67, 4, 4, 12]
  hueV  ref [37, None, None, None, None, None, None, None, 69, 92, 79, 100]
  hueV  tgt [35, None, None, None, None, None, None, None, 58, 67, 60, 81]
  wave ref    ▁▁▁                ▁▁             ▁ ▁▁       ▁▁▁             ▁▁▁   ▁▁▁        ▁▁▁▁                 ▁     ▁▁     ▁▁▁  
  wave tgt     ▁▁    ▁  ▁  ▁        ▁▁  ▁▁   ▁▁▁▁▁    ▁         ▁▁▁▁▁ ▁▁  ▁ ▁▁▁  ▁▁ ▁ ▁▁      ▁▁  ▁ ▁▁   ▁▁ ▁   ▁ ▁▁  ▁▁   ▁▁ ▁ ▁ ▁
=== p9 pwr 435/439 ratio 1.01 | mean 0.103/0.088 | swell tstd 0.073/0.076 sstd 0.165/0.145 ratio 2.26/1.92 | act 0.237/0.265 fast 0.305/0.431 | huespread 2.3/1.9 sat 0.47/0.45
  bands ref [5.0, 27.2, 37.0, 24.8, 5.9] tgt [4.0, 15.3, 35.6, 34.9, 10.2]
  vhist ref [75, 9, 4, 2, 2, 2, 1, 1, 1, 2]
  vhist tgt [80, 6, 3, 2, 2, 1, 1, 1, 1, 2]
  hue%  ref [62, 28, 10, 0, 0, 0, 0, 0, 0, 0, 0, 0]
  hue%  tgt [66, 23, 11, 0, 0, 0, 0, 0, 0, 0, 0, 0]
  hueV  ref [65, 89, 62, None, None, None, None, None, None, None, None, None]
  hueV  tgt [74, 102, 70, None, None, None, None, None, None, None, None, None]
  wave ref  ▁▁▂▁       ▁▁▁▁▁     ▁▁ ▁▁▁   ▁▁▁ ▁▁▁   ▁▁▁ ▁▁     ▁▂▁▂▁▁     ▁        ▁▁▁▂▁▁   ▁▁▁ ▁▁▁    ▁▁ ▁▁▁    ▁▁ ▁▁▁   ▁▁▁▁▁▁   
  wave tgt    ▁▁ ▁▁▁     ▁  ▁▁    ▁  ▁▁▁    ▁▁ ▁▁▁    ▂▁ ▁         ▁▃▁    ▁▁ ▁▁▁    ▁▁ ▁▁▁    ▁▁ ▁▁▁     ▁ ▁▂▁    ▂▁ ▁ ▁   ▁▁  ▁▂  
=== p1 pwr 1103/866 ratio 0.79 | mean 0.506/0.394 | swell tstd 0.152/0.163 sstd 0.195/0.148 ratio 1.28/0.91 | act 0.278/0.266 fast 0.014/0.013 | huespread 0.4/1.1 sat 1.00/0.99
  bands ref [26.3, 31.0, 41.3, 1.1, 0.2] tgt [11.5, 36.3, 50.9, 1.2, 0.1]
  vhist ref [2, 11, 12, 13, 12, 13, 12, 7, 7, 10]
  vhist tgt [7, 15, 20, 16, 13, 10, 7, 5, 4, 3]
  hue%  ref [2, 0, 0, 0, 0, 0, 0, 0, 59, 6, 5, 27]
  hue%  tgt [24, 8, 5, 18, 10, 4, 4, 21, 5, 0, 0, 0]
  hueV  ref [119, None, None, None, None, None, None, None, 150, 90, 72, 103]
  hueV  tgt [120, 64, 65, 121, 71, 45, 47, 115, 135, None, None, None]
  wave ref ▃▄▄▄▄▄▄▄▄▄▃▂▂▂▂▃▄▄▅▄▃▃▂▃▅▆▆▆▆▆▆▆▆▆▆▆▆▆▆▅▄▃▃▄▅▆▅▄▃▃▂▄▆▆▆▆▅▅▅▅▅▅▅▅▅▅▅▄▄▄▄▄▄▄▄▄▄▃▂▁▂▂▂▂▂▃▃▃▃▂▂▂▂▂▃▄▄▄▄▄▄▄▄▄▅▅▅▅▅▅▄▂▃▃▄▅▆▅▃▃
  wave tgt ▃▂▁▁▁▃▄▃▂▂▂▄▅▅▄▃▂▃▅▄▂▁▃▅▆▆▆▅▃▁▂▅▅▂▂▃▅▆▆▄▃▂▃▄▅▄▂▁▂▃▄▅▅▅▅▅▄▄▃▂▁▁▁▂▃▄▃▂▁▁▁▂▂▃▃▃▃▃▂▂▁▁▂▄▃▁▁▁▂▄▄▄▄▃▁▁▂▄▃▁▂▃▅▅▄▃▂▂▅▅▂▁▂▅▆▆▆▆▄▂
=== p3 pwr 807/1048 ratio 1.30 | mean 0.354/0.365 | swell tstd 0.122/0.12 sstd 0.139/0.14 ratio 1.14/1.17 | act 0.225/0.229 fast 0.007/0.004 | huespread 0.5/0.7 sat 0.98/0.99
  bands ref [22.0, 24.9, 52.4, 0.6, 0.2] tgt [20.5, 23.8, 55.3, 0.3, 0.1]
  vhist ref [7, 18, 18, 21, 17, 9, 6, 2, 2, 2]
  vhist tgt [5, 16, 20, 20, 17, 10, 5, 3, 3, 1]
  hue%  ref [42, 0, 0, 0, 0, 0, 0, 0, 30, 16, 5, 7]
  hue%  tgt [42, 0, 0, 0, 0, 0, 0, 0, 28, 14, 8, 9]
  hueV  ref [113, None, None, None, None, None, None, None, 79, 64, 64, 83]
  hueV  tgt [116, None, None, None, None, None, None, None, 82, 66, 68, 84]
  wave ref ▂▂▂▁▁▁▁▁▂▂▂▄▄▄▃▃▃▂▂▃▃▃▅▅▅▃▃▃▃▂▂▂▂▂▃▃▃▃▃▄▃▃▃▃▂▂▂▃▄▄▆▅▄▃▄▄▆▄▄▂▂▂▂▂▂▃▃▂▂▂▂▁▂▂▃▄▄▃▂▁▂▂▃▄▃▂▂▂▁▁▁▁▁▁▂▂▂▂▂▂▂▂▂▂▂▂▂▂▂▂▂▂▃▃▄▅▅▄▄▂
  wave tgt ▂▃▃▄▄▄▃▃▂▂▃▃▄▄▅▅▄▄▃▃▂▂▂▂▂▃▃▃▃▄▄▃▃▃▃▂▂▃▃▄▆▆▅▃▃▅▅▆▄▃▂▂▂▂▂▃▃▃▂▂▂▁▂▂▃▄▃▃▂▂▂▃▃▃▃▂▂▁▁▁▁▁▁▁▂▂▂▂▂▂▂▂▂▂▂▁▂▂▂▂▂▃▄▅▅▄▄▃▃▄▅▅▆▄▃▂▂▂▃▃
=== p4 pwr 1032/990 ratio 0.96 | mean 0.352/0.34 | swell tstd 0.093/0.089 sstd 0.244/0.241 ratio 2.63/2.7 | act 0.383/0.381 fast 0.005/0.003 | huespread 0.2/0.9 sat 0.91/0.92
  bands ref [7.5, 10.5, 81.5, 0.3, 0.2] tgt [7.3, 7.0, 85.4, 0.2, 0.1]
  vhist ref [25, 12, 11, 11, 10, 8, 10, 6, 4, 3]
  vhist tgt [26, 12, 11, 11, 10, 9, 10, 5, 5, 1]
  hue%  ref [0, 0, 0, 0, 49, 24, 3, 24, 0, 0, 0, 0]
  hue%  tgt [0, 0, 0, 0, 41, 18, 7, 34, 0, 0, 0, 0]
  hueV  ref [None, None, None, None, 114, 77, 107, 119, None, None, None, None]
  hueV  tgt [None, None, None, None, 115, 83, 88, 108, None, None, None, None]
  wave ref ▂▃▃▄▄▄▄▄▃▃▃▄▄▄▄▃▃▂▁▁▁▁▂▂▂▂▃▃▃▃▃▃▃▃▃▃▃▃▃▃▃▂▂▂▁▁▁▁▂▂▃▄▄▄▄▃▃▃▃▄▄▄▄▃▃▃▂▂▁▂▂▂▃▃▃▄▄▄▄▃▂▃▃▄▄▄▃▃▂▂▁▁▁▁▂▂▂▃▃▃▃▃▃▃▂▂▃▃▃▃▃▃▃▂▂▁▁▁▁▂
  wave tgt ▃▃▂▃▄▄▃▃▃▃▂▂▂▁▁▂▁▂▂▂▃▃▃▃▄▄▃▃▃▃▃▃▄▃▃▂▁▁▁▂▂▂▂▂▃▃▃▃▃▃▃▃▃▂▂▂▁▁▁▂▂▃▃▄▄▃▃▃▃▄▄▄▃▃▃▃▂▂▁▁▁▁▂▂▂▂▃▃▄▄▄▃▂▃▃▄▃▃▃▃▂▂▁▁▁▂▂▂▂▂▃▃▃▃▃▃▃▃▃▂
=== p5 pwr 969/1002 ratio 1.03 | mean 0.427/0.434 | swell tstd 0.095/0.094 sstd 0.297/0.307 ratio 3.12/3.26 | act 0.537/0.556 fast 0.008/0.004 | huespread 0.1/0.5 sat 1.00/1.00
  bands ref [4.4, 4.7, 90.0, 0.5, 0.3] tgt [4.4, 3.9, 91.2, 0.3, 0.1]
  vhist ref [22, 11, 9, 8, 10, 9, 7, 6, 7, 11]
  vhist tgt [23, 10, 9, 8, 9, 7, 7, 7, 8, 12]
  hue%  ref [2, 0, 0, 0, 0, 0, 0, 0, 62, 6, 4, 26]
  hue%  tgt [0, 0, 0, 0, 0, 0, 0, 0, 67, 8, 5, 19]
  hueV  ref [110, None, None, None, None, None, None, None, 144, 89, 75, 105]
  hueV  tgt [17, None, None, None, None, None, None, None, 145, 92, 74, 114]
  wave ref ▄▄▄▄▄▄▄▄▄▄▄▄▄▄▃▂▂▂▂▃▃▄▃▃▂▂▂▂▂▃▄▄▄▄▄▄▄▄▄▄▄▄▄▄▄▄▄▄▄▄▃▂▂▂▂▃▃▄▃▃▃▂▂▂▂▃▄▄▄▄▄▄▄▄▄▄▄▄▄▄▄▄▄▄▄▄▃▂▂▂▂▂▃▄▄▃▃▂▂▂▂▃▄▄▄▄▄▄▄▄▄▄▄▄▄▄▄▄▄▄
  wave tgt ▄▄▄▄▄▄▃▂▂▂▃▃▄▃▂▂▂▃▃▄▄▄▄▄▄▄▄▄▄▄▄▄▄▄▄▄▄▄▄▂▂▂▂▃▃▄▃▂▂▂▃▃▄▄▄▄▄▄▄▄▄▄▄▄▄▄▄▄▄▄▄▃▂▁▂▃▃▃▄▃▂▁▂▃▄▄▄▄▄▄▄▄▄▄▄▄▄▄▄▄▄▄▄▄▃▂▂▂▃▃▃▃▃▂▁▂▃▄▄▄
STRUCT DONE
